// Jest Snapshot v1, https://goo.gl/fbAQLP

exports[`MedicationEntryCard should render correctly 1`] = `
<div>
  <div
    class="MuiPaper-root MuiCard-root MuiPaper-elevation1 MuiPaper-rounded"
  >
    <div
      class="MuiCardContent-root makeStyles-row-3"
    >
      <p
        class="MuiTypography-root makeStyles-header-1 MuiTypography-body1"
      >
        Tu 11
      </p>
      <div
        class="makeStyles-medicationsList-5 makeStyles-rowItem-4"
      >
        <div>
          mocked
        </div>
        <p
          class="MuiTypography-root MuiTypography-body1"
        >
          comments
        </p>
      </div>
      <div
        class="makeStyles-trailer-2"
      >
        <p
          class="MuiTypography-root MuiTypography-body1"
        >
          01:15
        </p>
        <p
          class="MuiTypography-root MuiTypography-body1"
        >
          75 kg
        </p>
      </div>
    </div>
  </div>
</div>
`;
