// Jest Snapshot v1, https://goo.gl/fbAQLP

exports[`MedicationsInput should render correctly 1`] = `
<div>
  <div
    class="MuiBox-root MuiBox-root-2"
  >
    <p
      class="MuiTypography-root MuiDialogContentText-root MuiTypography-body1 MuiTypography-colorTextSecondary"
    >
      Eintr√§ge
    </p>
    <div>
      mocked MedicationCard
    </div>
    <div
      class="MuiBox-root MuiBox-root-3 makeStyles-medicationsAddContainer-1"
    >
      <svg
        aria-hidden="true"
        class="MuiSvgIcon-root MuiSvgIcon-colorDisabled"
        focusable="false"
        viewBox="0 0 24 24"
      >
        <path
          d="M6 10c-1.1 0-2 .9-2 2s.9 2 2 2 2-.9 2-2-.9-2-2-2zm12 0c-1.1 0-2 .9-2 2s.9 2 2 2 2-.9 2-2-.9-2-2-2zm-6 0c-1.1 0-2 .9-2 2s.9 2 2 2 2-.9 2-2-.9-2-2-2z"
        />
      </svg>
      <button
        class="MuiButtonBase-root MuiIconButton-root"
        tabindex="0"
        type="button"
      >
        <span
          class="MuiIconButton-label"
        >
          <svg
            aria-hidden="true"
            class="MuiSvgIcon-root"
            focusable="false"
            viewBox="0 0 24 24"
          >
            <path
              d="M19 13h-6v6h-2v-6H5v-2h6V5h2v6h6v2z"
            />
          </svg>
        </span>
        <span
          class="MuiTouchRipple-root"
        />
      </button>
    </div>
    <div>
      mocked AddMedicationDialog
    </div>
  </div>
</div>
`;
