// Jest Snapshot v1, https://goo.gl/fbAQLP

exports[`AppBar should render correctly 1`] = `
<div>
  <header
    class="MuiPaper-root MuiAppBar-root MuiAppBar-positionSticky MuiAppBar-colorPrimary MuiPaper-elevation4"
  >
    <div
      class="MuiToolbar-root MuiToolbar-regular MuiToolbar-gutters"
    >
      <button
        aria-label="open menu"
        class="MuiButtonBase-root MuiIconButton-root makeStyles-topLeftButtonStyle-1 MuiIconButton-colorInherit MuiIconButton-edgeStart"
        tabindex="0"
        type="button"
      >
        <span
          class="MuiIconButton-label"
        >
          <svg
            aria-hidden="true"
            class="MuiSvgIcon-root"
            focusable="false"
            viewBox="0 0 24 24"
          >
            <path
              d="M3 18h18v-2H3v2zm0-5h18v-2H3v2zm0-7v2h18V6H3z"
            />
          </svg>
        </span>
        <span
          class="MuiTouchRipple-root"
        />
      </button>
      <h6
        class="MuiTypography-root makeStyles-titleStyle-2 MuiTypography-h6"
      >
        title
      </h6>
      <button
        aria-label="edit"
        class="MuiButtonBase-root MuiIconButton-root MuiIconButton-colorInherit MuiIconButton-edgeEnd"
        tabindex="0"
        type="button"
      >
        <span
          class="MuiIconButton-label"
        >
          <svg
            aria-hidden="true"
            class="MuiSvgIcon-root"
            focusable="false"
            viewBox="0 0 24 24"
          >
            <path
              d="M3 17.25V21h3.75L17.81 9.94l-3.75-3.75L3 17.25zM20.71 7.04c.39-.39.39-1.02 0-1.41l-2.34-2.34a.9959.9959 0 00-1.41 0l-1.83 1.83 3.75 3.75 1.83-1.83z"
            />
          </svg>
        </span>
        <span
          class="MuiTouchRipple-root"
        />
      </button>
    </div>
  </header>
  <div>
    mocked Sidebar
  </div>
</div>
`;
